<html>
<body>
<pre>
<h1>礦ision Build Log</h1>
<h2>Tool Versions:</h2>
IDE-Version: uVision V5.34.0.0
Copyright (C) 2021 ARM Ltd and ARM Germany GmbH. All rights reserved.
License Information: lappy umbor,  , LIC=76F5U-S901W-AR8XW-QGIN8-B1KVN-42PAB
 
Tool Versions:
Toolchain:       MDK-ARM Plus  Version: 5.34.0.0
Toolchain Path:  D:\Program Files\Keil5\ARM\ARMCC\Bin
C Compiler:      Armcc.exe V5.06 update 7 (build 960)
Assembler:       Armasm.exe V5.06 update 7 (build 960)
Linker/Locator:  ArmLink.exe V5.06 update 7 (build 960)
Library Manager: ArmAr.exe V5.06 update 7 (build 960)
Hex Converter:   FromElf.exe V5.06 update 7 (build 960)
CPU DLL:         SARMCM3.DLL V5.34.0.0
Dialog DLL:      DCM.DLL V1.17.3.0
Target DLL:      Segger\JL2CM3.dll V2.99.38.0
Dialog DLL:      TCM.DLL V1.48.0.0
 
<h2>Project:</h2>
C:\Users\umbor\Desktop\2021国赛\无人机\飞控代码\ProjectTM4C123\ANO_LX_TM4C123.uvprojx
Project File Date:  07/12/2021

<h2>Output:</h2>
*** Using Compiler 'V5.06 update 7 (build 960)', folder: 'D:\Program Files\Keil5\ARM\ARMCC\Bin'
Rebuild target 'Ano_LX'
compiling main.c...
compiling User_Task.c...
..\FcSrc\User_Task.c(8): warning:  #177-D: variable "counter1"  was declared but never referenced
  		static u8 counter1,counter2 = 0;
..\FcSrc\User_Task.c(8): warning:  #177-D: variable "counter2"  was declared but never referenced
  		static u8 counter1,counter2 = 0;
..\FcSrc\User_Task.c: 2 warnings, 0 errors
compiling ANO_LX.c...
..\FcSrc\ANO_LX.c(261): warning:  #177-D: variable "mod_f"  was declared but never referenced
  	static u8 mod_f[3];
..\FcSrc\ANO_LX.c(57): warning:  #177-D: function "RC_Data_Task"  was declared but never referenced
  static inline void RC_Data_Task(float dT_s)
..\FcSrc\ANO_LX.c: 2 warnings, 0 errors
compiling LX_FC_Fun.c...
compiling LX_FC_EXT_Sensor.c...
compiling Ano_Scheduler.c...
compiling ANO_DT_LX.c...
compiling LX_FC_State.c...
compiling Drv_BSP.c...
compiling Ano_Math.c...
compiling Drv_AnoOf.c...
compiling Drv_K210.c...
compiling Drv_HMI.c...
..\DriversBsp\Drv_HMI.c(5): warning:  #177-D: variable "check_time_ms"  was declared but never referenced
  static float check_time_ms[2];
..\DriversBsp\Drv_HMI.c: 1 warning, 0 errors
compiling Drv_Sys.c...
compiling Drv_Led.c...
compiling Drv_Adc.c...
compiling Drv_Timer.c...
compiling Drv_RcIn.c...
assembling startup_TM4C123.s...
compiling Drv_Uart.c...
compiling Drv_PwmOut.c...
compiling usb_serial_structs.c...
compiling system_TM4C123.c...
compiling Drv_Usb.c...
linking...
Program Size: Code=12540 RO-data=1804 RW-data=1644 ZI-data=6156  
".\build\ANO_PioneerPro_Ti.axf" - 0 Error(s), 5 Warning(s).

<h2>Software Packages used:</h2>

Package Vendor: Keil
                http://www.keil.com/pack/Keil.TM4C_DFP.1.1.0.pack
                Keil.TM4C_DFP.1.1.0
                Texas Instruments Tiva C Series Device Support and Examples

<h2>Collection of Component include folders:</h2>
  D:\Program Files\Keil5\ARM\PACK\Keil\TM4C_DFP\1.1.0\Device\Include\TM4C123

<h2>Collection of Component Files used:</h2>
Build Time Elapsed:  00:00:05
</pre>
</body>
</html>
